1:
(video_cap_in.v4l2_source,1753258560383949,1753258560588664) 

2:
(video_cap_in.v4l2_source,1753258560588768,1753258560639393) 

3:
(video_cap_in.v4l2_source,1753258560639427,1753258560688007) 

4:
(video_cap_in.v4l2_source,1753258560688039,1753258561148739) 

5:
(video_cap_in.v4l2_source,1753258561148770,1753258561202582) 

6:
(video_cap_in.v4l2_source,1753258561202614,1753258561250194) 

7:
(video_cap_in.v4l2_source,1753258561250225,1753258561532833) 

8:
(video_cap_in.v4l2_source,1753258561532860,1753258561850930) 

9:
(video_cap_in.v4l2_source,1753258561850958,1753258562183002) 

10:
(video_cap_in.v4l2_source,1753258562183030,1753258562303793) 

11:
(video_cap_in.v4l2_source,1753258562303822,1753258562352717) 

12:
(video_cap_in.v4l2_source,1753258562352743,1753258562400417) 

13:
(video_cap_in.v4l2_source,1753258562400445,1753258562447820) 

14:
(video_cap_in.v4l2_source,1753258562447849,1753258562494400) 

15:
(video_cap_in.v4l2_source,1753258562494428,1753258562540952) 

16:
(video_cap_in.v4l2_source,1753258562540980,1753258562587059) 

17:
(video_cap_in.v4l2_source,1753258562587088,1753258562633020) 

18:
(video_cap_in.v4l2_source,1753258562633049,1753258562678372) 

19:
(video_cap_in.v4l2_source,1753258562678400,1753258562723715) 

20:
(video_cap_in.v4l2_source,1753258562723742,1753258562768652) 

21:
(video_cap_in.v4l2_source,1753258562768679,1753258562813652) 

22:
(video_cap_in.v4l2_source,1753258562813680,1753258562858452) 

23:
(video_cap_in.v4l2_source,1753258562858480,1753258562902927) 

24:
(video_cap_in.v4l2_source,1753258562902955,1753258563153980) 

25:
(video_cap_in.v4l2_source,1753258562902955,1753258563456273) 

